// Jest Snapshot v1, https://goo.gl/fbAQLP

exports[`ArticleList renders correctly 1`] = `
<div>
  <div
    style={
      Object {
        "borderBottomStyle": "solid",
        "borderBottomWidth": 1,
        "borderColor": "#aaa",
        "marginBottom": 10,
        "paddingBottom": 10,
      }
    }
  >
    <div
      style={
        Object {
          "fontSize": 20,
          "fontWeight": "bold",
          "paddingBottom": 5,
        }
      }
    />
    <div
      style={
        Object {
          "color": "#888",
          "fontSize": "0.8em",
        }
      }
    >
      Invalid Date
    </div>
    <div
      style={
        Object {
          "color": "#008",
          "paddingBottom": 10,
          "paddingTop": 10,
          "textDecoration": "none",
          "textTransform": "uppercase",
        }
      }
    >
      <a
        href={undefined}
      >
         
      </a>
    </div>
    <div
      style={
        Object {
          "paddingBottom": 15,
          "paddingLeft": 15,
          "paddingTop": 10,
        }
      }
    />
  </div>
  <div
    style={
      Object {
        "borderBottomStyle": "solid",
        "borderBottomWidth": 1,
        "borderColor": "#aaa",
        "marginBottom": 10,
        "paddingBottom": 10,
      }
    }
  >
    <div
      style={
        Object {
          "fontSize": 20,
          "fontWeight": "bold",
          "paddingBottom": 5,
        }
      }
    />
    <div
      style={
        Object {
          "color": "#888",
          "fontSize": "0.8em",
        }
      }
    >
      Invalid Date
    </div>
    <div
      style={
        Object {
          "color": "#008",
          "paddingBottom": 10,
          "paddingTop": 10,
          "textDecoration": "none",
          "textTransform": "uppercase",
        }
      }
    >
      <a
        href={undefined}
      >
         
      </a>
    </div>
    <div
      style={
        Object {
          "paddingBottom": 15,
          "paddingLeft": 15,
          "paddingTop": 10,
        }
      }
    />
  </div>
</div>
`;
